// Vitest Snapshot v1, https://vitest.dev/guide/snapshot.html

exports[`should match snapshot 1`] = `
[
  [
    true,
    true,
    true,
    true,
    true,
    true,
    true,
    false,
    true,
    false,
    false,
    false,
    false,
    true,
    true,
    false,
    false,
    false,
    true,
    true,
    true,
    true,
    true,
    true,
    true,
  ],
  [
    true,
    false,
    false,
    false,
    false,
    false,
    true,
    false,
    true,
    false,
    true,
    false,
    true,
    false,
    false,
    true,
    true,
    false,
    true,
    false,
    false,
    false,
    false,
    false,
    true,
  ],
  [
    true,
    false,
    true,
    true,
    true,
    false,
    true,
    false,
    true,
    false,
    false,
    false,
    false,
    false,
    true,
    false,
    false,
    false,
    true,
    false,
    true,
    true,
    true,
    false,
    true,
  ],
  [
    true,
    false,
    true,
    true,
    true,
    false,
    true,
    false,
    false,
    true,
    false,
    true,
    false,
    true,
    false,
    true,
    false,
    false,
    true,
    false,
    true,
    true,
    true,
    false,
    true,
  ],
  [
    true,
    false,
    true,
    true,
    true,
    false,
    true,
    false,
    false,
    false,
    false,
    false,
    false,
    true,
    false,
    true,
    true,
    false,
    true,
    false,
    true,
    true,
    true,
    false,
    true,
  ],
  [
    true,
    false,
    false,
    false,
    false,
    false,
    true,
    false,
    true,
    true,
    true,
    false,
    false,
    false,
    false,
    true,
    false,
    false,
    true,
    false,
    false,
    false,
    false,
    false,
    true,
  ],
  [
    true,
    true,
    true,
    true,
    true,
    true,
    true,
    false,
    true,
    false,
    true,
    false,
    true,
    false,
    true,
    false,
    true,
    false,
    true,
    true,
    true,
    true,
    true,
    true,
    true,
  ],
  [
    false,
    false,
    false,
    false,
    false,
    false,
    false,
    false,
    true,
    true,
    false,
    false,
    false,
    true,
    true,
    false,
    false,
    false,
    false,
    false,
    false,
    false,
    false,
    false,
    false,
  ],
  [
    false,
    false,
    true,
    true,
    true,
    false,
    true,
    false,
    true,
    true,
    false,
    true,
    true,
    true,
    false,
    false,
    false,
    true,
    true,
    true,
    false,
    false,
    true,
    true,
    true,
  ],
  [
    true,
    true,
    false,
    true,
    true,
    true,
    false,
    false,
    false,
    true,
    false,
    true,
    true,
    false,
    true,
    false,
    false,
    false,
    false,
    true,
    true,
    false,
    true,
    false,
    false,
  ],
  [
    true,
    true,
    false,
    false,
    true,
    true,
    true,
    false,
    true,
    true,
    false,
    false,
    false,
    false,
    true,
    true,
    true,
    true,
    true,
    false,
    false,
    true,
    false,
    true,
    true,
  ],
  [
    false,
    false,
    true,
    false,
    false,
    false,
    false,
    true,
    true,
    false,
    true,
    true,
    true,
    true,
    false,
    false,
    false,
    true,
    true,
    false,
    false,
    false,
    false,
    true,
    true,
  ],
  [
    false,
    true,
    true,
    false,
    false,
    false,
    true,
    true,
    true,
    false,
    false,
    false,
    false,
    true,
    true,
    false,
    true,
    false,
    false,
    false,
    true,
    true,
    true,
    true,
    true,
  ],
  [
    true,
    false,
    false,
    true,
    false,
    true,
    false,
    true,
    false,
    false,
    false,
    true,
    false,
    false,
    true,
    true,
    false,
    false,
    false,
    false,
    true,
    false,
    true,
    false,
    false,
  ],
  [
    true,
    false,
    true,
    true,
    false,
    false,
    true,
    true,
    false,
    false,
    false,
    true,
    true,
    false,
    true,
    true,
    true,
    true,
    true,
    true,
    false,
    true,
    false,
    true,
    true,
  ],
  [
    true,
    false,
    false,
    false,
    true,
    true,
    false,
    false,
    false,
    true,
    false,
    false,
    false,
    true,
    false,
    true,
    false,
    true,
    true,
    true,
    true,
    false,
    false,
    false,
    true,
  ],
  [
    true,
    false,
    true,
    true,
    false,
    false,
    true,
    true,
    true,
    false,
    false,
    false,
    true,
    false,
    true,
    true,
    true,
    true,
    true,
    true,
    true,
    true,
    true,
    false,
    false,
  ],
  [
    false,
    false,
    false,
    false,
    false,
    false,
    false,
    false,
    true,
    false,
    true,
    true,
    true,
    false,
    false,
    true,
    true,
    false,
    false,
    false,
    true,
    false,
    true,
    false,
    true,
  ],
  [
    true,
    true,
    true,
    true,
    true,
    true,
    true,
    false,
    false,
    true,
    true,
    false,
    true,
    false,
    false,
    true,
    true,
    false,
    true,
    false,
    true,
    false,
    true,
    true,
    true,
  ],
  [
    true,
    false,
    false,
    false,
    false,
    false,
    true,
    false,
    false,
    true,
    false,
    true,
    false,
    false,
    false,
    false,
    true,
    false,
    false,
    false,
    true,
    true,
    false,
    false,
    true,
  ],
  [
    true,
    false,
    true,
    true,
    true,
    false,
    true,
    false,
    true,
    true,
    true,
    true,
    true,
    false,
    false,
    false,
    true,
    true,
    true,
    true,
    true,
    true,
    true,
    true,
    false,
  ],
  [
    true,
    false,
    true,
    true,
    true,
    false,
    true,
    false,
    true,
    false,
    true,
    true,
    true,
    true,
    false,
    true,
    true,
    false,
    false,
    true,
    true,
    true,
    false,
    false,
    true,
  ],
  [
    true,
    false,
    true,
    true,
    true,
    false,
    true,
    false,
    true,
    false,
    true,
    false,
    true,
    true,
    true,
    false,
    true,
    true,
    false,
    false,
    true,
    true,
    false,
    false,
    true,
  ],
  [
    true,
    false,
    false,
    false,
    false,
    false,
    true,
    false,
    false,
    false,
    false,
    false,
    true,
    false,
    true,
    true,
    false,
    true,
    false,
    false,
    false,
    false,
    true,
    false,
    true,
  ],
  [
    true,
    true,
    true,
    true,
    true,
    true,
    true,
    false,
    false,
    false,
    false,
    false,
    true,
    true,
    false,
    true,
    false,
    true,
    true,
    true,
    false,
    true,
    true,
    true,
    true,
  ],
]
`;
